// Jest Snapshot v1, https://goo.gl/fbAQLP

exports[`App renders 1`] = `
<Fragment>
  <h1>
    Hello eslint-config-ns
  </h1>
  <Text />
  <p>
    State Counter: 
    0
  </p>
</Fragment>
`;
