// Jest Snapshot v1, https://goo.gl/fbAQLP

exports[`App renders 1`] = `
<Fragment>
  <h1>
    Some headline
  </h1>
  <Text />
</Fragment>
`;
